# arquivo de mapeamento do Guia @systemof
# id_do_canal=nome_do_canal,nom_do_canal2=numero_do_canal

ADULTSWIM=Adult Swim HD
FRANCE24=France 24,France 24 hd
SHOPTIME=Shoptime
CGTN=CGTN
HBO=HBO HD,HBO
AMC=AMC HD,amc
CANALBRASIL=Canal Brasil,Canal Brasil HD
CINEMAX=Cinemax HD,Cinemax
HBO2=HBO2 HD,HBO2
HBOPLUS=HBO Plus HD,HBO+,HBO Plus,HBO+ HD
HBOFAMILY=HBO Family,HBO Family HD
HBOSIGNATURE=HBO Signature HD,HBO Signature
HBOMUNDI=HBO MUNDI HD,HBO Mundi
HBOXTREME=HBO XTREME HD,HBO XTREME
HBOPOP=HBO POP HD,HBO POP
MEGAPIX=Megapix HD,Megapix
PARAMOUNTNETWORK=Paramount Network HD,Paramount Network
SPACE=Space HD,Space
TCM=TCM
TELECINEPREMIUM=Telecine Premium HD,Telecine Premium
TELECINEACTION=Telecine Action,Telecine Action HD
TELECINECULT=Telecine Cult,Telecine Cult HD
TELECINEFUN=Telecine Fun,Telecine Fun HD
TELECINEPIPOCA=Telecine Pipoca,Telecine Pipoca HD
TELECINETOUCH=Telecine Touch,Telecine Touch HD
TNT=TNT HD,TNT
FX=FX HD,FX
STUDIOUNIVERSAL=Studio Universal HD,Studio Universal
AE=A&E HD,A&E
AXN=AXN HD,AXN
EUROCHANNEL=Eurochannel HD
FILMARTS=Film&Arts HD,Film&Arts
STARCHANNEL=STAR CHANNEL,STAR CHANNEL HD
CINECANAL=cinecanal hd,cinecanal
ID=ID HD,ID
LIFETIME=Lifetime HD
CANALSONY=Canal Sony HD,Canal Sony
SYFY=SYFY HD,SYFY
TBS=TBS HD,TBS
TNTSERIES=TNT Séries HD
UNIVERSALTV=Universal TV HD,Universal TV
WARNERCHANNEL=Warner Channel HD,Warner Channel
MODOVIAGEM=Modo Viagem,Modo Viagem HD
FOODNETWORK=Food Network HD,Food Network
BANDSPORTS=Band Sports, Band Sports HD
COMBATE=Combate HD,Combate
ESPN=ESPN,ESPN HD
ESPNEXTRA=ESPN Extra HD
ESPN2=ESPN 2,ESPN 2 HD
ESPN3=ESPN 3 HD
ESPN4=ESPN 4, ESPN 4 HD
FOXSPORTS2=FOX Sports 2 HD,FOX Sports 2
OFF=OFF HD,OFF
PREMIERECLUBES=Premiere Clubes,Premiere Clubes HD
PREMIERE2=Premiere 2,Premiere 2 HD
PREMIERE3=Premiere 3,Premiere 3 HD
PREMIERE4=Premiere 4,Premiere 4 HD
PREMIERE5=Premiere 5,Premiere 5 HD
PREMIERE6=Premiere 6,Premiere 6 HD
PREMIERE7=Premiere 7,Premiere 7 HD
PREMIERE8=Premiere 8,Premiere 8 HD
SPORTV=SporTV HD,SporTV
SPORTV2=SporTV2,SporTV2 HD
SPORTV3=SporTV3,SporTV3 HD
WOOHOO=Woohoo,Woohoo HD
BABYTV=Baby TV
CARTOONITO=Cartoonito,Cartoonito HD
CARTOONNETWORK=Cartoon Network HD,Cartoon Network
DISCOVERYKIDS=Discovery Kids HD,Discovery Kids
DISNEYCHANNEL=Disney Channel HD,Disney Channel
GLOOB=Gloob HD,Gloob
GLOOBINHO=Gloobinho,Gloobinho HD
NATGEOKIDS=Nat Geo Kids HD,Nat Geo Kids
NICKJR=Nick Jr. HD,Nick Jr.
NICKELODEON=Nickelodeon HD,Nickelodeon
DISNEYJR=Disney Junior,Disney Junior HD
TOONCAST=Tooncast
TVRTIMBUM=TV Rá Tim Bum HD,TV Rá Tim Bum
ZOOMOO=Zoomoo HD,Zoomoo
ARTE1=Arte 1 HD,Arte 1
BIS=BIS HD,BIS
COMEDYCENTRAL=Comedy Central HD,Comedy Central
E=E! HD,E!
FISHTV=Fish TV,Fish TV HD
FUTURA=Futura HD,Futura
GNT=GNT HD,GNT
MULTISHOW=Multishow HD,Multishow
TVCMARA=TV Câmara
TVESCOLA=TV Escola
TVSENADO=TV Senado
TVJUSTIA=TV Justiça
VH1=VH1
VIVA=Viva HD,Viva
MTV=MTV HD,MTV
MTVLIVE=MTV LIVE,MTV LIVE HD
TVWA=TV WA
CURTA=Curta! HD,Curta!
PRIMEBOXBRAZIL=Prime Box Brazil HD,Prime Box Brazil
MUSICBOXBRAZIL=Music Box Brazil,Music Box Brazil HD
TRAVELBOXBRAZIL=Travel Box Brazil HD
ANIMALPLANET=Animal Planet HD,Animal Planet
DISCOVERYCHANNEL=Discovery Channel HD,Discovery Channel
DISCHOMEHEALTH=Disc. Home & Health HD,Disc. Home & Health
DISCOVERYSCIENCE=Discovery Science HD,Discovery Science
DISCOVERYTHEATER=Discovery Theater HD,Discovery Theater
DISCOVERYTURBO=Discovery Turbo HD,Discovery Turbo
DISCOVERYWORLD=Discovery World HD,Discovery World
HISTORY2=H2 HD,History 2 HD
HGTV=HGTV HD,HGTV
HISTORY=History HD,History
NATIONALGEOGRAPHIC=National Geographic HD,National Geographic
SMITHSONIAN=Smithsonian HD
TLC=TLC HD,TLC
GLOBONEWS=GloboNews,GloboNews HD
BANDNEWS=Band News,Band News HD
RECORD=RecordTV,record tv,RECORDTV HD
RECORD=RecordTV,record tv,RECORDTV HD,Record
SBT=SBT,SBT HD
CNNBRASIL=CNN Brasil,CNN Brasil HD
GLOBO=Globo,Globo HD
BAND=BAND,BAND HD
REDETV=RedeTV!,RedeTV! HD
REDEVIDA=Rede Vida,Rede Vida HD
TVBRASIL=TV Brasil,TV Brasil HD
GAZETA=TV Gazeta,TV Gazeta HD
SEXTREME=Sextreme
SEXYHOT=Sexy Hot,sexy hot hd
VENUS=Venus
PLAYBOYTV=Playboy TV HD,Playboy TV
TVCULTURA=Cultura,Cultura HD
FASHIONTV=Fashion TV HD
CNT=CNT,CNT HD
NATGEOWILDHD=NatGeo Wild,NatGeo Wild HD
JPNEWS=JP News,JP News HD
RECORDNEWS=Record News,Record News HD
NHK=NHK
RAI=RAI
RITTV=RIT TV
TVAPARECIDA=TV Aparecida
BBC=BBC
SICINTERNACIONAL=SIC Internacional
TVBRASIL2=TV Brasil 2
CNNINTERNATIONAL=CNN International
BOAVONTADETV=Boa Vontade TV
DWDEUTSCHPLUS=DW (Deutsch+)
DOGTV=DOG TV
MTV00=MTV's 00
TRACEBRASIL=Trace Brasil,Trace Brasil HD
POLISHOPTV=Polishop TV
TVNOVOTEMPO=TV Novo Tempo,TV Novo Tempo HD
TVCANONOVA=TV Canção Nova,TV Canção Nova HD
TVE=TVE
BLOOMBERG=Bloomberg
SABORARTE=Sabor & Arte HD
AGROMAIS=AgroMais HD,AgroMais
LIKE=Like HD
CANALRURAL=Canal Rural,canal rural hd
BOAVONTADETV=Boa Vontade TV
CANALDOBOI=Canal do Boi,Canal do Boi HD
PAIETERNO=Pai Eterno HD
TERRAVIVA=Terra Viva
TV5=TV5
MARKKET=Markket HD
EMPREENDER=Empreender HD
PARAMOUNTPLUS=Paramount+ 1
PARAMOUNTPLUS2=Paramount+ 2
PARAMOUNTPLUS3=Paramount+ 3
PARAMOUNTPLUS4=Paramount+ 4
NOSSOFUTEBOL=Nosso Futebol
NOSSOFUTEBOLPLUS1=Nosso Futebol 1
NOSSOFUTEBOLPLUS2=Nosso Futebol 2
NOSSOFUTEBOLPLUS3=Nosso Futebol 3
NOSSOFUTEBOLPLUS4=Nosso Futebol 4
TNTNOVELAS=TNT Novelas,TNT Novelas HD
USA=USA,USA HD
LMC=LMC,LMC HD

